    1  14:35:45.695106 IP truncated-ip - 34734 bytes missing! 10.0.0.0.162 > 154.1.214.234.65535:  [!init SEQ]-1
